.\venv\Scripts\python 
: ...EEE
At line:1 char:1
+ 
.\venv\Scripts\python 
tests\test_phase1.py 
> test_output.txt 2>&1
+ ~~~~~~~~~~~~~~~~~~~~
~~~~~~~~~~~~~~~~~~~~~~
~~~~~~~~~~~~~~~~~~~~~~
~
    + CategoryInfo    
          : NotSpeci  
  fied: (...EEE:Str   
 ing) [], RemoteEx    
ception
    + FullyQualifiedE 
   rrorId : NativeCo  
  mmandError
 
======================
======================
======================
====
ERROR: test_reset (__m
ain__.TestPhase1.test_
reset)
Test reset returns 
correct observation 
structure.
----------------------
----------------------
----------------------
----
Traceback (most 
recent call last):
  File "C:\Users\henry
-cao-local\OneDrive\De
sktop\Self_Learning\ML
_Projects\catan_rl_bot
\tests\test_phase1.py"
, line 41, in 
test_reset
    obs, info = 
self.env.reset()
                
~~~~~~~~~~~~~~^^
  File "C:\Users\henry
-cao-local\OneDrive\De
sktop\Self_Learning\ML
_Projects\catan_rl_bot
\tests\..\src\env\cata
n_env.py", line 64, 
in reset
    self.game = Game()
                ~~~~^^
TypeError: 
Game.__init__() 
missing 1 required 
positional argument: 
'players'

======================
======================
======================
====
ERROR: 
test_resource_tracker 
(__main__.TestPhase1.t
est_resource_tracker)
Test resource tracker 
initialization and 
update.
----------------------
----------------------
----------------------
----
Traceback (most 
recent call last):
  File "C:\Users\henry
-cao-local\OneDrive\De
sktop\Self_Learning\ML
_Projects\catan_rl_bot
\tests\test_phase1.py"
, line 68, in 
test_resource_tracker
    game = Game()
TypeError: 
Game.__init__() 
missing 1 required 
positional argument: 
'players'

======================
======================
======================
====
ERROR: 
test_step_structure (_
_main__.TestPhase1.tes
t_step_structure)
Test step returns 
5-tuple and advances 
state (smoke test).
----------------------
----------------------
----------------------
----
Traceback (most 
recent call last):
  File "C:\Users\henry
-cao-local\OneDrive\De
sktop\Self_Learning\ML
_Projects\catan_rl_bot
\tests\test_phase1.py"
, line 54, in 
test_step_structure
    self.env.reset()
    ~~~~~~~~~~~~~~^^
  File "C:\Users\henry
-cao-local\OneDrive\De
sktop\Self_Learning\ML
_Projects\catan_rl_bot
\tests\..\src\env\cata
n_env.py", line 64, 
in reset
    self.game = Game()
                ~~~~^^
TypeError: 
Game.__init__() 
missing 1 required 
positional argument: 
'players'

----------------------
----------------------
----------------------
----
Ran 6 tests in 0.002s

FAILED (errors=3)
